[    0.000000] Initializing cgroup subsys cpuset
[    0.000000] Initializing cgroup subsys cpu
[    0.000000] Initializing cgroup subsys cpuacct
[    0.000000] Linux version 4.4.0-141-generic (buildd@lcy01-amd64-006) (gcc version 5.4.0 20160609 (Ubuntu 5.4.0-6ubuntu1~16.04.10) ) #167-Ubuntu SMP Wed Dec 5 10:40:15 UTC 2018 (Ubuntu 4.4.0-141.167-generic 4.4.162)
[    0.000000] Command line: BOOT_IMAGE=/boot/vmlinuz-4.4.0-141-generic root=UUID=2599847e-b1d0-4013-a357-9739570da0b9 ro console=tty1 console=ttyS0
[    0.000000] KERNEL supported cpus:
[    0.000000]   Intel GenuineIntel
[    0.000000]   AMD AuthenticAMD
[    0.000000]   Centaur CentaurHauls
[    0.000000] x86/fpu: xstate_offset[2]:  576, xstate_sizes[2]:  256
[    0.000000] x86/fpu: Supporting XSAVE feature 0x01: 'x87 floating point registers'
[    0.000000] x86/fpu: Supporting XSAVE feature 0x02: 'SSE registers'
[    0.000000] x86/fpu: Supporting XSAVE feature 0x04: 'AVX registers'
[    0.000000] x86/fpu: Enabled xstate features 0x7, context size is 832 bytes, using 'standard' format.
[    0.000000] e820: BIOS-provided physical RAM map:
[    0.000000] BIOS-e820: [mem 0x0000000000000000-0x000000000009fbff] usable
[    0.000000] BIOS-e820: [mem 0x000000000009fc00-0x000000000009ffff] reserved
[    0.000000] BIOS-e820: [mem 0x00000000000f0000-0x00000000000fffff] reserved
[    0.000000] BIOS-e820: [mem 0x0000000000100000-0x000000003ffeffff] usable
[    0.000000] BIOS-e820: [mem 0x000000003fff0000-0x000000003fffffff] ACPI data
[    0.000000] BIOS-e820: [mem 0x00000000fec00000-0x00000000fec00fff] reserved
[    0.000000] BIOS-e820: [mem 0x00000000fee00000-0x00000000fee00fff] reserved
[    0.000000] BIOS-e820: [mem 0x00000000fffc0000-0x00000000ffffffff] reserved
[    0.000000] NX (Execute Disable) protection: active
[    0.000000] SMBIOS 2.5 present.
[    0.000000] Hypervisor detected: KVM
[    0.000000] e820: last_pfn = 0x3fff0 max_arch_pfn = 0x400000000
[    0.000000] MTRR: Disabled
[    0.000000] x86/PAT: MTRRs disabled, skipping PAT initialization too.
[    0.000000] CPU MTRRs all blank - virtualized system.
[    0.000000] x86/PAT: Configuration [0-7]: WB  WT  UC- UC  WB  WT  UC- UC  
[    0.000000] found SMP MP-table at [mem 0x0009fff0-0x0009ffff] mapped at [ffff88000009fff0]
[    0.000000] Scanning 1 areas for low memory corruption
[    0.000000] RAMDISK: [mem 0x361ea000-0x370ecfff]
[    0.000000] ACPI: Early table checksum verification disabled
[    0.000000] ACPI: RSDP 0x00000000000E0000 000024 (v02 VBOX  )
[    0.000000] ACPI: XSDT 0x000000003FFF0030 00003C (v01 VBOX   VBOXXSDT 00000001 ASL  00000061)
[    0.000000] ACPI: FACP 0x000000003FFF00F0 0000F4 (v04 VBOX   VBOXFACP 00000001 ASL  00000061)
[    0.000000] ACPI: DSDT 0x000000003FFF0470 0021C8 (v02 VBOX   VBOXBIOS 00000002 INTL 20100528)
[    0.000000] ACPI: FACS 0x000000003FFF0200 000040
[    0.000000] ACPI: FACS 0x000000003FFF0200 000040
[    0.000000] ACPI: APIC 0x000000003FFF0240 00005C (v02 VBOX   VBOXAPIC 00000001 ASL  00000061)
[    0.000000] ACPI: SSDT 0x000000003FFF02A0 0001CC (v01 VBOX   VBOXCPUT 00000002 INTL 20100528)
[    0.000000] No NUMA configuration found
[    0.000000] Faking a node at [mem 0x0000000000000000-0x000000003ffeffff]
[    0.000000] NODE_DATA(0) allocated [mem 0x3ffeb000-0x3ffeffff]
[    0.000000] kvm-clock: Using msrs 4b564d01 and 4b564d00
[    0.000000] kvm-clock: cpu 0, msr 0:3ffe3001, primary cpu clock
[    0.000000] kvm-clock: using sched offset of 6774115287 cycles
[    0.000000] clocksource: kvm-clock: mask: 0xffffffffffffffff max_cycles: 0x1cd42e4dffb, max_idle_ns: 881590591483 ns
[    0.000000] Zone ranges:
[    0.000000]   DMA      [mem 0x0000000000001000-0x0000000000ffffff]
[    0.000000]   DMA32    [mem 0x0000000001000000-0x000000003ffeffff]
[    0.000000]   Normal   empty
[    0.000000]   Device   empty
[    0.000000] Movable zone start for each node
[    0.000000] Early memory node ranges
[    0.000000]   node   0: [mem 0x0000000000001000-0x000000000009efff]
[    0.000000]   node   0: [mem 0x0000000000100000-0x000000003ffeffff]
[    0.000000] Initmem setup node 0 [mem 0x0000000000001000-0x000000003ffeffff]
[    0.000000] ACPI: PM-Timer IO Port: 0x4008
[    0.000000] IOAPIC[0]: apic_id 2, version 32, address 0xfec00000, GSI 0-23
[    0.000000] ACPI: INT_SRC_OVR (bus 0 bus_irq 0 global_irq 2 dfl dfl)
[    0.000000] ACPI: INT_SRC_OVR (bus 0 bus_irq 9 global_irq 9 high level)
[    0.000000] Using ACPI (MADT) for SMP configuration information
[    0.000000] smpboot: Allowing 2 CPUs, 0 hotplug CPUs
[    0.000000] PM: Registered nosave memory: [mem 0x00000000-0x00000fff]
[    0.000000] PM: Registered nosave memory: [mem 0x0009f000-0x0009ffff]
[    0.000000] PM: Registered nosave memory: [mem 0x000a0000-0x000effff]
[    0.000000] PM: Registered nosave memory: [mem 0x000f0000-0x000fffff]
[    0.000000] e820: [mem 0x40000000-0xfebfffff] available for PCI devices
[    0.000000] Booting paravirtualized kernel on KVM
[    0.000000] clocksource: refined-jiffies: mask: 0xffffffff max_cycles: 0xffffffff, max_idle_ns: 7645519600211568 ns
[    0.000000] setup_percpu: NR_CPUS:512 nr_cpumask_bits:512 nr_cpu_ids:2 nr_node_ids:1
[    0.000000] PERCPU: Embedded 34 pages/cpu @ffff88003fc00000 s99608 r8192 d31464 u1048576
[    0.000000] PV qspinlock hash table entries: 256 (order: 0, 4096 bytes)
[    0.000000] Built 1 zonelists in Node order, mobility grouping on.  Total pages: 257912
[    0.000000] Policy zone: DMA32
[    0.000000] Kernel command line: BOOT_IMAGE=/boot/vmlinuz-4.4.0-141-generic root=UUID=2599847e-b1d0-4013-a357-9739570da0b9 ro console=tty1 console=ttyS0
[    0.000000] PID hash table entries: 4096 (order: 3, 32768 bytes)
[    0.000000] Memory: 997132K/1048120K available (8568K kernel code, 1314K rwdata, 4008K rodata, 1528K init, 1316K bss, 50988K reserved, 0K cma-reserved)
[    0.000000] SLUB: HWalign=64, Order=0-3, MinObjects=0, CPUs=2, Nodes=1
[    0.000000] Kernel/User page tables isolation: enabled
[    0.000000] Hierarchical RCU implementation.
[    0.000000] 	Build-time adjustment of leaf fanout to 64.
[    0.000000] 	RCU restricting CPUs from NR_CPUS=512 to nr_cpu_ids=2.
[    0.000000] RCU: Adjusting geometry for rcu_fanout_leaf=64, nr_cpu_ids=2
[    0.000000] NR_IRQS:33024 nr_irqs:440 16
[    0.000000] Console: colour VGA+ 80x25
[    0.000000] console [tty1] enabled
[    0.000000] console [ttyS0] enabled
[    0.000000] tsc: Detected 2594.000 MHz processor
[    0.956745] Calibrating delay loop (skipped) preset value.. 5188.00 BogoMIPS (lpj=10376000)
[    0.965770] pid_max: default: 32768 minimum: 301
[    0.968276] ACPI: Core revision 20150930
[    0.975725] ACPI: 2 ACPI AML tables successfully acquired and loaded
[    1.022340] Security Framework initialized
[    1.024488] Yama: becoming mindful.
[    1.026609] AppArmor: AppArmor initialized
[    1.035392] Dentry cache hash table entries: 131072 (order: 8, 1048576 bytes)
[    1.052307] Inode-cache hash table entries: 65536 (order: 7, 524288 bytes)
[    1.070133] Mount-cache hash table entries: 2048 (order: 2, 16384 bytes)
[    1.072692] Mountpoint-cache hash table entries: 2048 (order: 2, 16384 bytes)
[    1.075883] Initializing cgroup subsys io
[    1.077779] Initializing cgroup subsys memory
[    1.079602] Initializing cgroup subsys devices
[    1.089291] Initializing cgroup subsys freezer
[    1.093720] Initializing cgroup subsys net_cls
[    1.096052] Initializing cgroup subsys perf_event
[    1.118398] Initializing cgroup subsys net_prio
[    1.123798] Initializing cgroup subsys hugetlb
[    1.141990] Initializing cgroup subsys pids
[    1.150404] mce: CPU supports 0 MCE banks
[    1.152260] Last level iTLB entries: 4KB 1024, 2MB 1024, 4MB 1024
[    1.162359] Last level dTLB entries: 4KB 1024, 2MB 1024, 4MB 1024, 1GB 4
[    1.170837] Spectre V2 : Mitigation: Full generic retpoline
[    1.183796] Spectre V2 : Spectre v2 mitigation: Speculation control IBPB not-supported IBRS not-supported
[    1.200352] Spectre V2 : Spectre v2 / SpectreRSB mitigation: Filling RSB on context switch
[    1.208353] Speculative Store Bypass: Vulnerable
[    1.234588] Freeing SMP alternatives memory: 32K
[    1.251157] ftrace: allocating 32291 entries in 127 pages
[    1.373258] smpboot: APIC(0) Converting physical 0 to logical package 0
[    1.379738] smpboot: Max logical packages: 1
[    1.383260] x2apic enabled
[    1.386152] Switched APIC routing to physical x2apic.
[    1.395433] ..TIMER: vector=0x30 apic1=0 pin1=2 apic2=-1 pin2=-1
[    1.513233] smpboot: CPU0: Intel(R) Core(TM) i7-4510U CPU @ 2.00GHz (family: 0x6, model: 0x45, stepping: 0x1)
[    1.526242] Performance Events: unsupported p6 CPU model 69 no PMU driver, software events only.
[    1.530242] KVM setup paravirtual spinlock
[    1.538979] x86: Booting SMP configuration:
[    1.540875] .... node  #0, CPUs:      #1
[    1.542586] kvm-clock: cpu 1, msr 0:3ffe3041, secondary cpu clock
[    1.545425] mce: CPU supports 0 MCE banks
[    1.548657] x86: Booted up 1 node, 2 CPUs
[    1.551238] smpboot: Total of 2 processors activated (10376.00 BogoMIPS)
[    1.560439] devtmpfs: initialized
[    1.576023] evm: security.selinux
[    1.577739] evm: security.SMACK64
[    1.579660] evm: security.SMACK64EXEC
[    1.590415] evm: security.SMACK64TRANSMUTE
[    1.623505] evm: security.SMACK64MMAP
[    1.644350] evm: security.ima
[    1.645912] evm: security.capability
[    1.648015] clocksource: jiffies: mask: 0xffffffff max_cycles: 0xffffffff, max_idle_ns: 7645041785100000 ns
[    1.669333] futex hash table entries: 512 (order: 3, 32768 bytes)
[    1.671927] pinctrl core: initialized pinctrl subsystem
[    1.674311] RTC time: 22:01:17, date: 01/08/19
[    1.676553] NET: Registered protocol family 16
[    1.696863] cpuidle: using governor ladder
[    1.739677] cpuidle: using governor menu
[    1.773372] PCCT header not found.
[    1.776878] ACPI: bus type PCI registered
[    1.779146] acpiphp: ACPI Hot Plug PCI Controller Driver version: 0.5
[    1.782412] PCI: Using configuration type 1 for base access
[    1.800734] ACPI: Added _OSI(Module Device)
[    1.841249] ACPI: Added _OSI(Processor Device)
[    1.868657] ACPI: Added _OSI(3.0 _SCP Extensions)
[    1.874646] ACPI: Added _OSI(Processor Aggregator Device)
[    1.916400] ACPI: Executed 1 blocks of module-level executable AML code
[    1.946792] ACPI: Interpreter enabled
[    1.948890] ACPI: (supports S0 S5)
[    1.950894] ACPI: Using IOAPIC for interrupt routing
[    1.955370] PCI: Using host bridge windows from ACPI; if necessary, use "pci=nocrs" and report a bug
[    1.996322] ACPI: PCI Root Bridge [PCI0] (domain 0000 [bus 00-ff])
[    2.030688] acpi PNP0A03:00: _OSC: OS supports [ASPM ClockPM Segments MSI]
[    2.045772] acpi PNP0A03:00: _OSC failed (AE_NOT_FOUND); disabling ASPM
[    2.048896] acpi PNP0A03:00: fail to add MMCONFIG information, can't access extended PCI configuration space under this bridge.
[    2.058989] PCI host bridge to bus 0000:00
[    2.061259] pci_bus 0000:00: root bus resource [io  0x0000-0x0cf7 window]
[    2.064456] pci_bus 0000:00: root bus resource [io  0x0d00-0xffff window]
[    2.067534] pci_bus 0000:00: root bus resource [mem 0x000a0000-0x000bffff window]
[    2.086235] pci_bus 0000:00: root bus resource [mem 0x40000000-0xffdfffff window]
[    2.099729] pci_bus 0000:00: root bus resource [bus 00-ff]
[    2.116672] pci 0000:00:01.1: legacy IDE quirk: reg 0x10: [io  0x01f0-0x01f7]
[    2.124963] pci 0000:00:01.1: legacy IDE quirk: reg 0x14: [io  0x03f6]
[    2.127489] pci 0000:00:01.1: legacy IDE quirk: reg 0x18: [io  0x0170-0x0177]
[    2.130160] pci 0000:00:01.1: legacy IDE quirk: reg 0x1c: [io  0x0376]
[    2.164080] pci 0000:00:07.0: quirk: [io  0x4000-0x403f] claimed by PIIX4 ACPI
[    2.228624] pci 0000:00:07.0: quirk: [io  0x4100-0x410f] claimed by PIIX4 SMB
[    2.265891] ACPI: PCI Interrupt Link [LNKA] (IRQs 5 9 10 *11)
[    2.278697] ACPI: PCI Interrupt Link [LNKB] (IRQs 5 9 10 *11)
[    2.295793] ACPI: PCI Interrupt Link [LNKC] (IRQs 5 9 *10 11)
[    2.334002] ACPI: PCI Interrupt Link [LNKD] (IRQs 5 *9 10 11)
[    2.337375] ACPI: Enabled 2 GPEs in block 00 to 07
[    2.352101] vgaarb: setting as boot device: PCI:0000:00:02.0
[    2.356074] vgaarb: device added: PCI:0000:00:02.0,decodes=io+mem,owns=io+mem,locks=none
[    2.374804] vgaarb: loaded
[    2.377628] vgaarb: bridge control possible 0000:00:02.0
[    2.381575] SCSI subsystem initialized
[    2.383621] ACPI: bus type USB registered
[    2.385506] usbcore: registered new interface driver usbfs
[    2.387777] usbcore: registered new interface driver hub
[    2.390038] usbcore: registered new device driver usb
[    2.424266] PCI: Using ACPI for IRQ routing
[    2.446879] NetLabel: Initializing
[    2.450095] NetLabel:  domain hash size = 128
[    2.452049] NetLabel:  protocols = UNLABELED CIPSOv4
[    2.454196] NetLabel:  unlabeled traffic allowed by default
[    2.463728] amd_nb: Cannot enumerate AMD northbridges
[    2.466544] clocksource: Switched to clocksource kvm-clock
[    2.515633] AppArmor: AppArmor Filesystem Enabled
[    2.519919] pnp: PnP ACPI init
[    2.526781] pnp: PnP ACPI: found 3 devices
[    2.548162] clocksource: acpi_pm: mask: 0xffffff max_cycles: 0xffffff, max_idle_ns: 2085701024 ns
[    2.569677] NET: Registered protocol family 2
[    2.572311] TCP established hash table entries: 8192 (order: 4, 65536 bytes)
[    2.575769] TCP bind hash table entries: 8192 (order: 5, 131072 bytes)
[    2.579210] TCP: Hash tables configured (established 8192 bind 8192)
[    2.582314] UDP hash table entries: 512 (order: 2, 16384 bytes)
[    2.590999] UDP-Lite hash table entries: 512 (order: 2, 16384 bytes)
[    2.626184] NET: Registered protocol family 1
[    2.628165] pci 0000:00:00.0: Limiting direct PCI/PCI transfers
[    2.639183] pci 0000:00:01.0: Activating ISA DMA hang workarounds
[    2.663144] Unpacking initramfs...
[    3.765472] Freeing initrd memory: 15372K
[    3.770479] RAPL PMU detected, API unit is 2^-32 Joules, 4 fixed counters 10737418240 ms ovfl timer
[    3.774397] hw unit of domain pp0-core 2^-0 Joules
[    3.776500] hw unit of domain package 2^-0 Joules
[    3.778544] hw unit of domain dram 2^-0 Joules
[    3.780559] hw unit of domain pp1-gpu 2^-0 Joules
[    3.782753] platform rtc_cmos: registered platform RTC device (no PNP device found)
[    3.789210] Scanning for low memory corruption every 60 seconds
[    3.792313] audit: initializing netlink subsys (disabled)
[    3.794555] audit: type=2000 audit(1546984885.951:1): initialized
[    3.797565] Initialise system trusted keyring
[    3.817340] HugeTLB registered 2 MB page size, pre-allocated 0 pages
[    3.848951] zbud: loaded
[    3.853587] VFS: Disk quotas dquot_6.6.0
[    3.856864] VFS: Dquot-cache hash table entries: 512 (order 0, 4096 bytes)
[    3.861787] squashfs: version 4.0 (2009/01/31) Phillip Lougher
[    3.877473] fuse init (API version 7.23)
[    3.884386] Key type big_key registered
[    3.886202] Allocating IMA MOK and blacklist keyrings.
[    3.890932] Key type asymmetric registered
[    3.892817] Asymmetric key parser 'x509' registered
[    3.917061] Block layer SCSI generic (bsg) driver version 0.4 loaded (major 249)
[    3.930216] io scheduler noop registered
[    3.941655] io scheduler deadline registered (default)
[    3.950533] io scheduler cfq registered
[    3.975803] pci_hotplug: PCI Hot Plug PCI Core version: 0.5
[    4.001065] pciehp: PCI Express Hot Plug Controller Driver version: 0.4
[    4.031686] ACPI: AC Adapter [AC] (on-line)
[    4.042819] input: Power Button as /devices/LNXSYSTM:00/LNXPWRBN:00/input/input0
[    4.046979] ACPI: Power Button [PWRF]
[    4.067532] input: Sleep Button as /devices/LNXSYSTM:00/LNXSLPBN:00/input/input1
[    4.072601] ACPI: Sleep Button [SLPF]
[    4.076227] ACPI: Battery Slot [BAT0] (battery present)
[    4.078442] GHES: HEST is not enabled!
[    4.080431] Serial: 8250/16550 driver, 32 ports, IRQ sharing enabled
[    4.107010] 00:02: ttyS0 at I/O 0x3f8 (irq = 4, base_baud = 115200) is a 16550A
[    4.123406] Linux agpgart interface v0.103
[    4.150325] loop: module loaded
[    4.171027] scsi host0: ata_piix
[    4.182965] scsi host1: ata_piix
[    4.186016] ata1: PATA max UDMA/33 cmd 0x1f0 ctl 0x3f6 bmdma 0xd000 irq 14
[    4.188659] ata2: PATA max UDMA/33 cmd 0x170 ctl 0x376 bmdma 0xd008 irq 15
[    4.191521] libphy: Fixed MDIO Bus: probed
[    4.193485] tun: Universal TUN/TAP device driver, 1.6
[    4.202274] tun: (C) 1999-2004 Max Krasnyansky <maxk@qualcomm.com>
[    4.204875] PPP generic driver version 2.4.2
[    4.206967] ehci_hcd: USB 2.0 'Enhanced' Host Controller (EHCI) Driver
[    4.209514] ehci-pci: EHCI PCI platform driver
[    4.211505] ehci-platform: EHCI generic platform driver
[    4.223807] ohci_hcd: USB 1.1 'Open' Host Controller (OHCI) Driver
[    4.226793] ohci-pci: OHCI PCI platform driver
[    4.229233] ohci-platform: OHCI generic platform driver
[    4.237622] uhci_hcd: USB Universal Host Controller Interface driver
[    4.247258] i8042: PNP: PS/2 Controller [PNP0303:PS2K,PNP0f03:PS2M] at 0x60,0x64 irq 1,12
[    4.252326] serio: i8042 KBD port at 0x60,0x64 irq 1
[    4.280463] serio: i8042 AUX port at 0x60,0x64 irq 12
[    4.283209] mousedev: PS/2 mouse device common for all mice
[    4.297197] input: AT Translated Set 2 keyboard as /devices/platform/i8042/serio0/input/input2
[    4.309071] rtc_cmos rtc_cmos: rtc core: registered rtc_cmos as rtc0
[    4.319707] rtc_cmos rtc_cmos: alarms up to one day, 114 bytes nvram
[    4.322210] i2c /dev entries driver
[    4.324143] device-mapper: uevent: version 1.0.3
[    4.328982] device-mapper: ioctl: 4.34.0-ioctl (2015-10-28) initialised: dm-devel@redhat.com
[    4.332899] ledtrig-cpu: registered to indicate activity on CPUs
[    4.364672] NET: Registered protocol family 10
[    4.388004] NET: Registered protocol family 17
[    4.401663] Key type dns_resolver registered
[    4.404498] registered taskstats version 1
[    4.429144] Loading compiled-in X.509 certificates
[    4.444950] Loaded X.509 cert 'Build time autogenerated kernel key: 7c9fb337b82e5a343493fe891c556beae1895c7c'
[    4.460494] zswap: loaded using pool lzo/zbud
[    4.466064] Key type trusted registered
[    4.476107] Key type encrypted registered
[    4.484276] AppArmor: AppArmor sha1 policy hashing enabled
[    4.511791] ima: No TPM chip found, activating TPM-bypass!
[    4.537379] ima: Allocated hash algorithm: sha1
[    4.551170] evm: HMAC attrs: 0x1
[    4.553445]   Magic number: 3:864:46
[    4.560578] rtc_cmos rtc_cmos: setting system clock to 2019-01-08 22:01:20 UTC (1546984880)
[    4.586965] BIOS EDD facility v0.16 2004-Jun-25, 0 devices found
[    4.596164] EDD information not available.
[    4.605802] Freeing unused kernel memory: 1528K
[    4.618951] Write protecting the kernel read-only data: 14336k
[    4.631719] Freeing unused kernel memory: 1660K
[    4.652188] Freeing unused kernel memory: 88K
Loading, please wait...
starting version[    4.679982] random: systemd-udevd: uninitialized urandom read (16 bytes read, 3 bits of entropy available)
 229
[    4.681380] random: udevadm: uninitialized urandom read (16 bytes read, 3 bits of entropy available)
[    4.681413] random: udevadm: uninitialized urandom read (16 bytes read, 3 bits of entropy available)
[    4.706782] random: udevadm: uninitialized urandom read (16 bytes read, 3 bits of entropy available)
[    4.706890] random: udevadm: uninitialized urandom read (16 bytes read, 3 bits of entropy available)
[    4.707301] random: udevadm: uninitialized urandom read (16 bytes read, 3 bits of entropy available)
[    4.707454] random: udevadm: uninitialized urandom read (16 bytes read, 3 bits of entropy available)
[    4.707602] random: udevadm: uninitialized urandom read (16 bytes read, 3 bits of entropy available)
[    4.707795] random: udevadm: uninitialized urandom read (16 bytes read, 3 bits of entropy available)
[    4.707940] random: udevadm: uninitialized urandom read (16 bytes read, 3 bits of entropy available)
[    4.784542] tsc: Refined TSC clocksource calibration: 2596.271 MHz
[    4.789852] clocksource: tsc: mask: 0xffffffffffffffff max_cycles: 0x256c79bbfdf, max_idle_ns: 440795302937 ns
[    4.864932] e1000: Intel(R) PRO/1000 Network Driver - version 7.3.21-k8-NAPI
[    4.873514] e1000: Copyright (c) 1999-2006 Intel Corporation.
[    4.901788] Fusion MPT base driver 3.04.20
[    4.905372] Copyright (c) 1999-2008 LSI Corporation
[    4.917969] AVX version of gcm_enc/dec engaged.
[    4.922096] AES CTR mode by8 optimization enabled
[    4.943999] Fusion MPT SPI Host driver 3.04.20
[    5.117849] input: ImExPS/2 Generic Explorer Mouse as /devices/platform/i8042/serio1/input/input4
[    5.381653] e1000 0000:00:03.0 eth0: (PCI:33MHz:32-bit) 02:38:b8:f5:60:7e
[    5.464096] e1000 0000:00:03.0 eth0: Intel(R) PRO/1000 Network Connection
[    5.553199] mptbase: ioc0: Initiating bringup
[    5.627338] ioc0: LSI53C1030 A0: Capabilities={Initiator}
[    5.834056] scsi host2: ioc0: LSI53C1030 A0, FwRev=00000000h, Ports=1, MaxQ=256, IRQ=20
[    6.032432] scsi 2:0:0:0: Direct-Access     VBOX     HARDDISK         1.0  PQ: 0 ANSI: 5
[    6.061656] scsi target2:0:0: Beginning Domain Validation
[    6.073067] scsi target2:0:0: Domain Validation skipping write tests
[    6.097699] scsi target2:0:0: Ending Domain Validation
[    6.109907] scsi target2:0:0: asynchronous
[    6.122765] scsi 2:0:1:0: Direct-Access     VBOX     HARDDISK         1.0  PQ: 0 ANSI: 5
[    6.175135] scsi target2:0:1: Beginning Domain Validation
[    6.182763] scsi target2:0:1: Domain Validation skipping write tests
[    6.201220] scsi target2:0:1: Ending Domain Validation
[    6.204550] scsi target2:0:1: asynchronous
[    6.224065] sd 2:0:0:0: Attached scsi generic sg0 type 0
[    6.225626] sd 2:0:0:0: [sda] 20971520 512-byte logical blocks: (10.7 GB/10.0 GiB)
[    6.225901] sd 2:0:0:0: [sda] Write Protect is off
[    6.226146] sd 2:0:0:0: [sda] Incomplete mode parameter data
[    6.226151] sd 2:0:0:0: [sda] Assuming drive cache: write through
[    6.240445] sd 2:0:1:0: Attached scsi generic sg1 type 0
[    6.244544] sd 2:0:1:0: [sdb] 20480 512-byte logical blocks: (10.5 MB/10.0 MiB)
[    6.251199] sd 2:0:1:0: [sdb] Write Protect is off
[    6.255533] sd 2:0:1:0: [sdb] Incomplete mode parameter data
[    6.263854] sd 2:0:1:0: [sdb] Assuming drive cache: write through
[    6.363402]  sda: sda1
[    6.372786] sd 2:0:0:0: [sda] Attached SCSI disk
[    6.378009] sd 2:0:1:0: [sdb] Attached SCSI disk
[    6.517486] e1000 0000:00:08.0 eth1: (PCI:33MHz:32-bit) 08:00:27:a7:30:79
[    6.588391] e1000 0000:00:08.0 eth1: Intel(R) PRO/1000 Network Connection
[    6.645814] e1000 0000:00:08.0 enp0s8: renamed from eth1
[    6.658876] e1000 0000:00:03.0 enp0s3: renamed from eth0
Begin: Loading e[    8.673117] md: linear personality registered for level -1
ssential drivers[    8.689962] md: multipath personality registered for level -4
 ... [    8.705503] md: raid0 personality registered for level 0
[    8.716560] md: raid1 personality registered for level 1
[    8.811263] raid6: sse2x1   gen()  2364 MB/s
[    8.887393] raid6: sse2x1   xor()  1537 MB/s
[    8.998725] raid6: sse2x2   gen()  4153 MB/s
[    9.082677] raid6: sse2x2   xor()  2868 MB/s
[    9.183237] raid6: sse2x4   gen()  6258 MB/s
[    9.267178] raid6: sse2x4   xor()  3306 MB/s
[    9.287001] raid6: using algorithm sse2x4 gen() 6258 MB/s
[    9.289693] raid6: .... xor() 3306 MB/s, rmw enabled
[    9.294187] raid6: using ssse3x2 recovery algorithm
[    9.315211] xor: automatically using best checksumming function:
[    9.362865]    avx       : 13148.000 MB/sec
[    9.370391] async_tx: api initialized (async)
[    9.392089] md: raid6 personality registered for level 6
[    9.409212] md: raid5 personality registered for level 5
[    9.412423] md: raid4 personality registered for level 4
[    9.428640] md: raid10 personality registered for level 10
done.
Begin: Running /scripts/init-premount ... done.
Begin: Mounting root file system ... Begin: Running /scripts/local-top ... done.
Begin: Running /scripts/local-premount ... [    9.519753] Btrfs loaded
Scanning for Btrfs filesystems
done.
Warning: fsck not present, so skipping root file system
[    9.750206] EXT4-fs (sda1): mounted filesystem with ordered data mode. Opts: (null)
done.
Begin: Running /scripts/local-bottom ... done.
Begin: Running /scripts/init-bottom ... done.
[   10.773933] random: nonblocking pool is initialized
[   11.004657] systemd[1]: systemd 229 running in system mode. (+PAM +AUDIT +SELINUX +IMA +APPARMOR +SMACK +SYSVINIT +UTMP +LIBCRYPTSETUP +GCRYPT +GNUTLS +ACL +XZ -LZ4 +SECCOMP +BLKID +ELFUTILS +KMOD -IDN)
[   11.069279] systemd[1]: Detected virtualization oracle.
[   11.071684] systemd[1]: Detected architecture x86-64.

Welcome to [1mUbuntu 16.04.5 LTS[0m!

[   11.228361] systemd[1]: Set hostname to <ubuntu-xenial>.
[   12.981355] systemd[1]: Listening on Device-mapper event daemon FIFOs.
[[0;32m  OK  [0m] Listening on Device-mapper event daemon FIFOs.
[   13.014578] systemd[1]: Reached target System Time Synchronized.
[[0;32m  OK  [0m] Reached target System Time Synchronized.
[   13.030092] systemd[1]: Listening on Syslog Socket.
[[0;32m  OK  [0m] Listening on Syslog Socket.
[   13.035473] systemd[1]: Set up automount Arbitrary Executable File Formats File System Automount Point.
[[0;32m  OK  [0m] Set up automount Arbitrary Executab...ats File System Automount Point.
[   13.085300] systemd[1]: Reached target User and Group Name Lookups.
[[0;32m  OK  [0m] Reached target User and Group Name Lookups.
[   13.135857] systemd[1]: Created slice System Slice.
[[0;32m  OK  [0m] Created slice System Slice.
[   13.250315] systemd[1]: Created slice system-postgresql.slice.
[[0;32m  OK  [0m] Created slice system-postgresql.slice.
[   13.255735] systemd[1]: Created slice system-serial\x2dgetty.slice.
[[0;32m  OK  [0m] Created slice system-serial\x2dgetty.slice.
[   13.352595] systemd[1]: Started Forward Password Requests to Wall Directory Watch.
[[0;32m  OK  [0m] Started Forward Password Requests to Wall Directory Watch.
[   13.533965] systemd[1]: Listening on LVM2 metadata daemon socket.
[[0;32m  OK  [0m] Listening on LVM2 metadata daemon socket.
[   13.699431] systemd[1]: Listening on Journal Audit Socket.
[[0;32m  OK  [0m] Listening on Journal Audit Socket.
[   13.847715] systemd[1]: Listening on udev Kernel Socket.
[[0;32m  OK  [0m] Listening on udev Kernel Socket.
[   13.946558] systemd[1]: Created slice User and Session Slice.
[[0;32m  OK  [0m] Created slice User and Session Slice.
[   14.007890] systemd[1]: Listening on LVM2 poll daemon socket.
[[0;32m  OK  [0m] Listening on LVM2 poll daemon socket.
[   14.069511] systemd[1]: Listening on udev Control Socket.
[[0;32m  OK  [0m] Listening on udev Control Socket.
[   14.075321] systemd[1]: Listening on Journal Socket (/dev/log).
[[0;32m  OK  [0m] Listening on Journal Socket (/dev/log).
[   14.081172] systemd[1]: Listening on /dev/initctl Compatibility Named Pipe.
[[0;32m  OK  [0m] Listening on /dev/initctl Compatibility Named Pipe.
[   14.094720] systemd[1]: Reached target Slices.
[[0;32m  OK  [0m] Reached target Slices.
[   14.101827] systemd[1]: Reached target Swap.
[[0;32m  OK  [0m] Reached target Swap.
[   14.109909] systemd[1]: Started Trigger resolvconf update for networkd DNS.
[[0;32m  OK  [0m] Started Trigger resolvconf update for networkd DNS.
[   14.117610] systemd[1]: Listening on Journal Socket.
[[0;32m  OK  [0m] Listening on Journal Socket.
[   14.135516] systemd[1]: Starting Journal Service...
         Starting Journal Service...
[   14.210789] systemd[1]: Starting Load Kernel Modules...
         Starting Load Kernel Modules...
[   14.217831] systemd[1]: Starting Monitoring of LVM2 mirrors, snapshots etc. using dmeventd or progress polling...
         Starting Monitoring of LVM2 mirrors... dmeventd or progress polling...
[   14.262105] systemd[1]: Mounting POSIX Message Queue File System...
         Mounting POSIX Message Queue File System...
[   14.460641] systemd[1]: Starting Uncomplicated firewall...
         Starting Uncomplicated firewall...
[   14.519538] systemd[1]: Starting Nameserver information manager...
         Starting Nameserver information manager...
[   14.614956] systemd[1]: Starting Set console keymap...
         Starting Set console keymap...
[   14.663059] systemd[1]: Starting Create list of required static device nodes for the current kernel...
         Starting Create list of required[   14.725695] Loading iSCSI transport class v2.0-870.
 st... nodes for the current kernel...
[   14.758892] systemd[1]: Starting Remount Root and Kernel File Systems...
         Starting Remount Root and Kernel File Systems...
[   14.786952] systemd[1]: Mounting Debug File System...
         Mounting Debug File System...
[   14.832441] systemd[1]: Mounting Huge Pages File System...
[   14.847018] EXT4-fs (sda1): re-mounted. Opts: (null)
         Mounting Huge Pages File System...
[   14.871300] iscsi: registered transport (tcp)
[   14.871311] systemd[1]: Reached target Encrypted Volumes.
[[0;32m  OK  [0m] Reached target Encrypted Volumes.
[   14.933227] systemd[1]: Mounted Debug File System.
[[0;32m  OK  [0m] Mounted Debug File System.
[   14.967680] systemd[1]: Mounted POSIX Message Queue File System.
[[0;32m  OK  [0m] Mounted POSIX Message Queue File System.
[   15.000950] systemd[1]: Mounted Huge Pages File System.
[[0;32m  OK  [0m] Mounted Huge Pages File System.
[   15.027686] systemd[1]: Started Journal Service.
[[0;32m  OK  [0m] Started Journal Service.
[[0;32m  OK  [0m] Started Uncomplicated firewall.
[   15.072882] iscsi: registered transport (iser)
[[0;32m  OK  [0m] Started Load Kernel Modules.
[[0;32m  OK  [0m] Started Create list of required sta...ce nodes for the current kernel.
[[0;32m  OK  [0m] Started Remount Root and Kernel File Systems.
[[0;32m  OK  [0m] Started Set console keymap.
[[0;32m  OK  [0m] Started Nameserver information manager.
[[0;32m  OK  [0m] Started LVM2 metadata daemon.
         Starting udev Coldplug all Devices...
         Starting Load/Save Random Seed...
         Starting Create Static Device Nodes in /dev...
         Mounting FUSE Control File System...
         Starting Apply Kernel Variables...
         Starting Flush Journal to Persistent Storage...
[[0;32m  OK  [0m] Mounted FUSE Control File System.
[[0;32m  OK  [0m] Started Load/Save Random Seed.
[[0;32m  OK  [0m] Started Create Static Device Nodes in /dev.
[[0;32m  OK  [0m] Started Apply Kernel Variables.
[[0;32m  OK  [0m] Started udev Coldplug all Devices.
         Starting udev Kernel Device Manager...
[[0;32m  OK  [0m] Started Flush Journal to Persistent Storage.
[[0;32m  OK  [0m] Started Monitoring of LVM2 mirrors,...ng dmeventd or progress polling.
[[0;32m  OK  [0m] Reached target Local File Systems (Pre).
[[0;32m  OK  [0m] Reached target Local File Systems.
         Starting Initial cloud-init job (pre-networking)...
         Starting Set console font and keymap...
         Starting LSB: AppArmor initialization...
         Starting Tell Plymouth To Write Out Runtime Data...
         Starting Create Volatile Files and Directories...
[[0;32m  OK  [0m] Started udev Kernel Device Manager.
[[0;32m  OK  [0m] Started Dispatch Password Requests to Console Directory Watch.
[[0;32m  OK  [0m] Started Tell Plymouth To Write Out Runtime Data.
[[0;32m  OK  [0m] Found device /dev/ttyS0.
[[0;32m  OK  [0m] Started Create Volatile Files and Directories.
         Starting Update UTMP about System Boot/Shutdown...
[[0;32m  OK  [0m] Listening on Load/Save RF Kill Switch Status /dev/rfkill Watch.
[[0;32m  OK  [0m] Started LSB: AppArmor initialization.
[[0;32m  OK  [0m] Found device 82540EM Gigabit Ethern...r (PRO/1000 MT Desktop Adapter).
[[0;32m  OK  [0m] Started Update UTMP about System Boot/Shutdown.
[[0;32m  OK  [0m] Started Set console font and keymap.
[[0;32m  OK  [0m] Created slice system-getty.slice.
[   22.008756] cloud-init[486]: Cloud-init v. 18.4-0ubuntu1~16.04.2 running 'init-local' at Tue, 08 Jan 2019 22:01:38 +0000. Up 20.90 seconds.
[[0;32m  OK  [0m] Started Initial cloud-init job (pre-networking).
[[0;32m  OK  [0m] Reached target Network (Pre).
         Starting Raise network interfaces...
[[0;32m  OK  [0m] Started ifup for enp0s8.
[[0;32m  OK  [0m] Started ifup for enp0s3.
[[0;32m  OK  [0m] Started Raise network interfaces.
         Starting Initial cloud-init job (metadata service crawler)...
[[0;32m  OK  [0m] Reached target Network.
[   24.544206] cloud-init[1067]: Cloud-init v. 18.4-0ubuntu1~16.04.2 running 'init' at Tue, 08 Jan 2019 22:01:41 +0000. Up 23.53 seconds.
[   24.571514] cloud-init[1067]: ci-info: +++++++++++++++++++++++++++++++++++++++++++++Net device info++++++++++++++++++++++++++++++++++++++++++++++
[   24.606351] cloud-init[1067]: ci-info: +--------+------+-------------------------------------------+---------------+--------+-------------------+
[   24.628195] cloud-init[1067]: ci-info: | Device |  Up  |                  Address                  |      Mask     | Scope  |     Hw-Address    |
[   24.636312] cloud-init[1067]: ci-info: +--------+------+-------------------------------------------+---------------+--------+-------------------+
[   24.648859] [cloud-init[0;32m  OK  [0m[1067]: ] ci-info: | enp0s3 | True |                 10.0.2.15                 | 255.255.255.0 | global | 02:38:b8:f5:60:7e |Started Initial cloud-init job (metadata service crawler).

[   24.649803] cloud-init[1067]: ci-info: | enp0s3 | True |         fe80::38:b8ff:fef5:607e/64        |       .       |  link  | 02:38:b8:f5:60:7e |
[   24.748721] [cloud-init[0;32m  OK  [0m[1067]: ] ci-info: | enp0s8 | True |                192.168.1.30               | 255.255.255.0 | global | 08:00:27:a7:30:79 |Reached target System Initialization.

[   24.749757] cloud-init[1067]: ci-info: | enp0s8 | True | fd7c:7d3d:ebc2:4400:a00:27ff:fea7:3079/64 |       .       | global | 08:00:27:a7:30:79 |
[   24.765309] cloud-init[1067]: ci-info: | enp0s8 | True |   2800:370:4e:bf50:a00:27ff:fea7:3079/64  |       .       | global | 08:00:27:a7:30:79 |
[   24.784354] [[0;32m  OK  [0m] Started ACPI Events Check.
[[0;32m  OK  [0m] Reached target Paths.
cloud-init[1067]: ci-info: | enp0s8 | True |        fe80::a00:27ff:fea7:3079/64        |       .       |  link  | 08:00:27:a7:30:79 |
[   24.838668] [[0;32m  OK  [0m] Listening on D-Bus System Message Bus Socket.
[[0;32m  OK  [0m] Started Daily Cleanup of Temporary Directories.
[[0;32m  OK  [0m] Listening on ACPID Listen Socket.
cloud-init[1067]: ci-info: |   lo   | True |                 127.0.0.1                 |   255.0.0.0   |  host  |         .         |
[   24.889227]          cloud-initStarting LXD - unix socket.[1067]: 
ci-info: |   lo   | True |                  ::1/128                  |       .       |  host  |         .         |
[   24.894929] [[0;32m  OK  [0m] Listening on UUID daemon activation socket.
cloud-init[1067]: ci-info: +--------+------+-------------------------------------------+---------------+--------+-------------------+
[   24.908828] [cloud-init[0;32m  OK  [0m[1067]: ] ci-info: +++++++++++++++++++++++++++Route IPv4 info++++++++++++++++++++++++++++Started Daily apt download activities.

[[0;32m  OK  [0m] Started Daily apt upgrade and clean activities.
[[0;32m  OK  [0m] Reached target Timers.
[   24.909823] cloud-init[1067]: ci-info: +-------+-------------+----------+---------------+-----------+-------+
[   24.942631]          Starting Socket activation for snappy daemon.
[[0;32m  OK  [0m] Reached target Cloud-config availability.
[[0;32m  OK  [0m] Reached target Network is Online.
cloud-init[1067]: ci-info: | Route | Destination | Gateway  |    Genmask    | Interface | Flags |
[   24.954683] cloud-init[1067]: ci-info: +-------+-------------+----------+---------------+-----------+-------+
         Starting iSCSI initiator daemon (iscsid)...
[   24.989882] cloud-init[1067]: ci-info: |   0   |   0.0.0.0   | 10.0.2.2 |    0.0.0.0    |   enp0s3  |   UG  |
[[0;32m  OK  [0m[   25.008215] cloud-init[1067]: ci-info: |   1   |   10.0.2.0  | 0.0.0.0  | 255.255.255.0 |   enp0s3  |   U   |
[   25.008836] cloud-init[1067]: ci-info: |   2   | 192.168.1.0 | 0.0.0.0  | 255.255.255.0 |   enp0s8  |   U   |
] Listening on LXD - unix socket.
[   25.009599] cloud-init[1067]: ci-info: +-------+-------------+----------+---------------+-----------+-------+
[   25.035925] cloud-init[1067]: ci-info: +++++++++++++++++++++++++Route IPv6 info++++++++++++++++++++++++++
[   25.036702] cloud-init[1067]: ci-info: +-------+--------------------------+---------+-----------+-------+
[   25.037086] cloud-init[1067]: ci-info: | Route |       Destination        | Gateway | Interface | Flags |
[   25.037864] cloud-init[1067]: ci-info: +-------+--------------------------+---------+-----------+-------+
[   25.038288] cloud-init[1067]: ci-info: |   0   |  2800:370:4e:bf50::/64   |    ::   |   enp0s8  |   Ue  |
[   25.038709] cloud-init[1067]: ci-info: |   1   | fd7c:7d3d:ebc2:4400::/64 |    ::   |   enp0s8  |   Ue  |
[   25.039620] cloud-init[1067]: ci-info: |   2   |        fe80::/64         |    ::   |   enp0s8  |   U   |
[   25.039941] cloud-init[1067]: ci-info: |   3   |        fe80::/64         |    ::   |   enp0s3  |   U   |
[   25.040604] cloud-init[1067]: ci-info: |   4   |           ::/0           | fe80::1 |   enp0s8  |  UGe  |
[   25.040931] cloud-init[1067]: ci-info: |   8   |         ff00::/8         |    ::   |   enp0s8  |   U   |
[   25.041272] cloud-init[1067]: ci-info: |   9   |         ff00::/8         |    ::   |   enp0s3  |   U   |
[   25.041606] cloud-init[1067]: ci-info: +-------+--------------------------+---------+-----------+-------+
[[0;32m  OK  [0m] Listening on Socket activation for snappy daemon.
[[0;32m  OK  [0m] Reached target Sockets.
[[0;32m  OK  [0m] Reached target Basic System.
[[0;32m  OK  [0m] Started Regular background program processing daemon.
         Starting Advanced key-value store...
         Starting System Logging Service...
         Starting LSB: Record successful boot for GRUB...
[[0;32m  OK  [0m] Started Unattended Upgrades Shutdown.
[[0;32m  OK  [0m] Started FUSE filesystem for LXC.
         Starting LSB: MD monitoring daemon...
[[0;32m  OK  [0m] Started D-Bus System Message Bus.
[[0;32m  OK  [0m] Started Deferred execution scheduler.
         Starting OpenBSD Secure Shell server...
         Starting Accounts Service...
         Starting /etc/rc.local Compatibility...
         Starting LXD - container startup/shutdown...
         Starting Snappy daemon...
         Starting PostgreSQL Cluster 9.5-main...
         Starting Login Service...
[[0;32m  OK  [0m] Started ACPI event daemon.
         Starting Virtualbox guest utils...
[[0;32m  OK  [0m] Started System Logging Service.
[[0;32m  OK  [0m] Started iSCSI initiator daemon (iscsid).
[[0;32m  OK  [0m] Started /etc/rc.local Compatibility.
         Starting Login to default iSCSI targets...
[[0;32m  OK  [0m] Started Login Service.
[[0;32m  OK  [0m] Started LSB: MD monitoring daemon.
[[0;32m  OK  [0m] Started LSB: Record successful boot for GRUB.
[[0;32m  OK  [0m] Started OpenBSD Secure Shell server.
[[0;32m  OK  [0m] Started Advanced key-value store.
[[0;32m  OK  [0m] Started Login to default iSCSI targets.
[[0;32m  OK  [0m] Reached target Remote File Systems (Pre).
[[0;32m  OK  [0m] Reached target Remote File Systems.
         Starting LSB: daemon to balance interrupts for SMP systems...
         Starting LSB: Set the CPU Frequency Scaling governor to "ondemand"...
         Starting LSB: automatic crash report generation...
         Starting Permit User Sessions...
         Starting LSB: Start/stop sysstat's sadc...
[[0;32m  OK  [0m] Started LSB: Set the CPU Frequency Scaling governor to "ondemand".
[[0;32m  OK  [0m] Started Permit User Sessions.
[[0;32m  OK  [0m] Started Virtualbox guest utils.
         Starting Authenticate and Authorize Users to Run Privileged Tasks...
         Starting Terminate Plymouth Boot Screen...
         Starting Hold until boot process finishes up...
[[0;32m  OK  [0m] Started LSB: daemon to balance interrupts for SMP systems.
[[0;32m  OK  [0m] Started LSB: Start/stop sysstat's sadc.
[[0;32m  OK  [0m] Started Terminate Plymouth Boot Screen.
[[0;32m  OK  [0m] Started Hold until boot process finishes up.
[[0;32m  OK  [0m] Started Getty on tty1.
[[0;32m  OK  [0m] Started Serial Getty on ttyS0.
[[0;32m  OK  [0m] Reached target Login Prompts.
         Starting Set console scheme...
[[0;32m  OK  [0m] Started LSB: automatic crash report generation.
[[0;32m  OK  [0m] Started Set console scheme.
[[0;32m  OK  [0m] Started Authenticate and Authorize Users to Run Privileged Tasks.
[[0;32m  OK  [0m] Started Accounts Service.
[[0;32m  OK  [0m] Created slice User Slice of vagrant.
         Starting User Manager for UID 1000...
[[0;32m  OK  [0m] Started Session 1 of user vagrant.
[[0;32m  OK  [0m] Started LXD - container startup/shutdown.
[[0;32m  OK  [0m] Started User Manager for UID 1000.
[[0;32m  OK  [0m] Started Snappy daemon.
         Starting Wait until snapd is fully seeded...
[[0;32m  OK  [0m] Started Wait until snapd is fully seeded.
         Starting Apply the settings specified in cloud-config...
[   31.125291] cloud-init[1352]: Cloud-init v. 18.4-0ubuntu1~16.04.2 running 'modules:config' at Tue, 08 Jan 2019 22:01:48 +0000. Up 30.77 seconds.
[[0;32m  OK  [0m] Started Apply the settings specified in cloud-config.

Ubuntu 16.04.5 LTS ubuntu-xenial ttyS0

ubuntu-xenial login: [   34.613581] cloud-init[1527]: Cloud-init v. 18.4-0ubuntu1~16.04.2 running 'modules:final' at Tue, 08 Jan 2019 22:01:52 +0000. Up 34.25 seconds.
[   34.614548] cloud-init[1527]: Cloud-init v. 18.4-0ubuntu1~16.04.2 finished at Tue, 08 Jan 2019 22:01:52 +0000. Datasource DataSourceNoCloud [seed=/dev/sdb][dsmode=net].  Up 34.59 seconds
